[nrjac16.wixsite.com/mysite.html]
[www.wix.com/favicon.ico]
[static.parastorage.com/unpkg/core-js-bundle@3.2.1/minified.js]
[static.parastorage.com/unpkg/focus-within-polyfill@5.0.9/dist/focus-within-polyfill.js]
[polyfill.io/v3/polyfill.mind82c.js]
[backblue.gif]
[fade.gif]
[index.html]
[nrjac16.wixsite.com/mysite/47b73115.min.css]
[nrjac16.wixsite.com/mysite/1a3ca2ee.min.css]
[nrjac16.wixsite.com/mysite/16e44c05.min.css]
[nrjac16.wixsite.com/mysite/6ac53ab7.min.css]
[nrjac16.wixsite.com/mysite/02595569.min.css]
[nrjac16.wixsite.com/mysite/e5861f41.min.css]
[nrjac16.wixsite.com/mysite/c53e42d7.min.css]
[nrjac16.wixsite.com/mysite/da6c52cb.min.css]
[nrjac16.wixsite.com/mysite/3d2759f7.min.css]
[nrjac16.wixsite.com/mysite/960c3a88.min.css]
[nrjac16.wixsite.com/mysite/390543ac.min.css]
[nrjac16.wixsite.com/mysite/b5f0e973.min.css]
[nrjac16.wixsite.com/mysite/f36661fb.min.css]
[nrjac16.wixsite.com/mysite/aa613bd1.min.css]
[nrjac16.wixsite.com/mysite/395efea1.min.css]
[nrjac16.wixsite.com/mysite/6daaad8b.min.css]
[nrjac16.wixsite.com/mysite/bf91693c.min.css]
[nrjac16.wixsite.com/mysite/b4ae8803.min.css]
[nrjac16.wixsite.com/mysite/62ccedec.min.css]
[nrjac16.wixsite.com/mysite/ae08c227.min.css]
[nrjac16.wixsite.com/mysite/11f27093.min.css]
[nrjac16.wixsite.com/mysite/9b155e90.min.css]
[nrjac16.wixsite.com/mysite/4ec2545d.min.css]
[nrjac16.wixsite.com/mysite/1bbe301d.min.css]
[nrjac16.wixsite.com/mysite/e78a13b3.min.css]
[nrjac16.wixsite.com/mysite/b604fd33.min.css]
[nrjac16.wixsite.com/mysite/48c6d58d.min.css]
[nrjac16.wixsite.com/mysite/439c90c8.min.css]
[nrjac16.wixsite.com/mysite/cd69f57c.min.css]
[nrjac16.wixsite.com/mysite/bc223d50.min.css]
[nrjac16.wixsite.com/mysite/bc2466c0.min.css]
[nrjac16.wixsite.com/mysite/5d7b6bbf.min.css]
[nrjac16.wixsite.com/mysite/3fdab364.min.css]
[nrjac16.wixsite.com/mysite/20d93486.min.css]
[nrjac16.wixsite.com/mysite/9692b4a8.min.css]
[nrjac16.wixsite.com/mysite/914012ea.min.css]
[nrjac16.wixsite.com/mysite/ffa0eb8f.min.css]
[nrjac16.wixsite.com/mysite/fe8be6d6.min.css]
[nrjac16.wixsite.com/mysite/a28cca36.min.css]
[nrjac16.wixsite.com/mysite/02b07b80.min.css]
[nrjac16.wixsite.com/mysite/265e9a4a.min.css]
[nrjac16.wixsite.com/mysite/ff342417.min.css]
[nrjac16.wixsite.com/mysite/2a1582d7.min.css]
[nrjac16.wixsite.com/mysite/eb321d93.min.css]
[nrjac16.wixsite.com/mysite/06cfef68.min.css]
[nrjac16.wixsite.com/mysite/49a18e23.min.css]
[nrjac16.wixsite.com/mysite/2467b183.min.css]
[nrjac16.wixsite.com/mysite/f9fd7cbe.min.css]
[nrjac16.wixsite.com/mysite/e142d0f4.min.css]
[nrjac16.wixsite.com/mysite/96a73741.min.css]
[nrjac16.wixsite.com/mysite/4c758e80.min.css]
[nrjac16.wixsite.com/mysite/44b62fdc.min.css]
[nrjac16.wixsite.com/mysite/7f8c7c3e.min.css]
[nrjac16.wixsite.com/mysite/fbbc0ea4.min.css]
[nrjac16.wixsite.com/mysite/5d29307d.min.css]
[nrjac16.wixsite.com/mysite/85af43ab.min.css]
[nrjac16.wixsite.com/mysite/7010eb60.min.css]
[nrjac16.wixsite.com/mysite/566bec70.min.css]
[nrjac16.wixsite.com/mysite/fc40122e.min.css]
[nrjac16.wixsite.com/mysite/45242c23.min.css]
[nrjac16.wixsite.com/mysite/0efca64c.min.css]
[nrjac16.wixsite.com/mysite/42ccdc69.min.css]
[nrjac16.wixsite.com/mysite/4ea3b970.min.css]
[nrjac16.wixsite.com/mysite/0ee85551.min.css]
[nrjac16.wixsite.com/mysite/085f85ee.min.css]
[nrjac16.wixsite.com/mysite/fc21aae5.min.css]
[nrjac16.wixsite.com/mysite/641eb53d.min.css]
[nrjac16.wixsite.com/mysite/cabcae51.min.css]
[nrjac16.wixsite.com/mysite/b66c178d.min.css]
[nrjac16.wixsite.com/mysite/c7fdedca.min.css]
[nrjac16.wixsite.com/mysite/ce9dcea4.min.css]
[nrjac16.wixsite.com/mysite/bc497b45.min.css]
[nrjac16.wixsite.com/mysite/2acb415c.min.css]
[nrjac16.wixsite.com/mysite/7d6cd51b.min.css]
[nrjac16.wixsite.com/mysite/16e57088.min.css]
[nrjac16.wixsite.com/mysite/0a1c073a.min.css]
[nrjac16.wixsite.com/mysite/1ac8fc0f.min.css]
[nrjac16.wixsite.com/mysite/e5d84163.min.css]
[nrjac16.wixsite.com/mysite/d5f023bb.min.css]
[nrjac16.wixsite.com/mysite/d820de38.min.css]
[nrjac16.wixsite.com/mysite/012dc85e.min.css]
[nrjac16.wixsite.com/mysite/9d29a199.min.css]
[nrjac16.wixsite.com/mysite/381ee71b.min.css]
[nrjac16.wixsite.com/mysite/bf413556.min.css]
[nrjac16.wixsite.com/mysite/316080a6.min.css]
[nrjac16.wixsite.com/mysite/51a9742f.min.css]
[nrjac16.wixsite.com/mysite/bf732f1f.min.css]
[nrjac16.wixsite.com/mysite/99f4b3eb.min.css]
[nrjac16.wixsite.com/mysite/9862a339.min.css]
[nrjac16.wixsite.com/mysite/3bb1b608.min.css]
[nrjac16.wixsite.com/mysite/5346ce3f.min.css]
[nrjac16.wixsite.com/mysite/f658a9c4.min.css]
[nrjac16.wixsite.com/mysite/7c9ceb1e.min.css]
[nrjac16.wixsite.com/mysite/aa72298b.min.css]
[nrjac16.wixsite.com/mysite/6ea2cb1c.min.css]
[nrjac16.wixsite.com/mysite/a9c2732c.min.css]
[nrjac16.wixsite.com/mysite/93e61b80.min.css]
[nrjac16.wixsite.com/mysite/4bbd8d4f.min.css]
[nrjac16.wixsite.com/mysite/f4297adc.min.css]
[nrjac16.wixsite.com/mysite/f3af5621.min.68.delayed]
[nrjac16.wixsite.com/mysite/23167c06.min.css]
[nrjac16.wixsite.com/mysite/4c919285.min.css]
[nrjac16.wixsite.com/mysite/99e902d9.min.css]
[nrjac16.wixsite.com/mysite/7761d6fc.min.css]
[nrjac16.wixsite.com/mysite/164e68d9.min.css]
[nrjac16.wixsite.com/mysite/40e5d5cf.min.css]
[nrjac16.wixsite.com/mysite/6f55ec0e.min.css]
[nrjac16.wixsite.com/mysite/6b4c7217.min.css]
[nrjac16.wixsite.com/mysite/5b26625f.min.css]
[nrjac16.wixsite.com/mysite/2e327647.min.css]
[nrjac16.wixsite.com/mysite/4a6a7fc9.min.css]
[nrjac16.wixsite.com/mysite/f52e40aa.min.css]
[nrjac16.wixsite.com/mysite/29ef3ea9.min.css]
[nrjac16.wixsite.com/mysite/8a33f286.min.css]
[nrjac16.wixsite.com/mysite/a1e4335b.min.css]
[nrjac16.wixsite.com/mysite/6df35c38.min.css]
[nrjac16.wixsite.com/mysite/b8760986.min.css]
[nrjac16.wixsite.com/mysite/37bd0eeb.min.css]
[nrjac16.wixsite.com/mysite/8d04f72e.min.css]
[nrjac16.wixsite.com/mysite/40b64025.min.css]
[nrjac16.wixsite.com/mysite/23e436be.min.css]
[nrjac16.wixsite.com/mysite/41f1fa78.min.css]
[nrjac16.wixsite.com/mysite/3e581339.min.css]
[nrjac16.wixsite.com/mysite/a2f0f523.min.css]
[nrjac16.wixsite.com/mysite/f710d55f.min.css]
[nrjac16.wixsite.com/mysite/7c1692b1.min.css]
[nrjac16.wixsite.com/mysite/8005d5c1.min.css]
[nrjac16.wixsite.com/mysite/0e20a470.min.css]
[nrjac16.wixsite.com/mysite/c9b5bd15.min.css]
[nrjac16.wixsite.com/mysite/8c688a9d.min.css]
[nrjac16.wixsite.com/mysite/6b1e299b.min.css]
[nrjac16.wixsite.com/mysite/11d68990.min.css]
[nrjac16.wixsite.com/mysite/3f166307.min.css]
[nrjac16.wixsite.com/mysite/1355ec40.min.css]
[nrjac16.wixsite.com/mysite/48220e7a.min.css]
[nrjac16.wixsite.com/mysite/eca71e40.min.css]
[nrjac16.wixsite.com/mysite/024f5250.min.css]
[nrjac16.wixsite.com/mysite/54e8ad37.min.css]
[nrjac16.wixsite.com/mysite/c79634ce.min.css]
[nrjac16.wixsite.com/mysite/036d1c2c.min.css]
[nrjac16.wixsite.com/mysite/04c30725.min.css]
[nrjac16.wixsite.com/mysite/685dda1c.min.css]
[nrjac16.wixsite.com/mysite/70558d9b.min.css]
[nrjac16.wixsite.com/mysite/b43bc41a.min.css]
[nrjac16.wixsite.com/mysite/aff3efe3.min.css]
[nrjac16.wixsite.com/mysite/65ee0f77.min.css]
[nrjac16.wixsite.com/mysite/a10e4b9a.min.css]
[nrjac16.wixsite.com/mysite/6818c64c.min.css]
[nrjac16.wixsite.com/mysite/4fa4a352.min.css]
[nrjac16.wixsite.com/mysite/97d7cd97.min.css]
[nrjac16.wixsite.com/mysite/a1e76019.min.css]
[nrjac16.wixsite.com/mysite/b4bc6361.min.css]
[nrjac16.wixsite.com/mysite/9eed3e82.min.css]
[nrjac16.wixsite.com/mysite/ce776e38.min.css]
[nrjac16.wixsite.com/mysite/4a43b954.min.css]
[nrjac16.wixsite.com/mysite/799d016a.min.css]
[nrjac16.wixsite.com/mysite/c434348a.min.css]
[nrjac16.wixsite.com/mysite/4038e1e2.min.css]
[nrjac16.wixsite.com/mysite/c24f5e69.min.css]
[nrjac16.wixsite.com/mysite/8ab00128.min.css]
[nrjac16.wixsite.com/mysite/45eee88d.min.css]
[nrjac16.wixsite.com/mysite/7df86004.min.css]
[nrjac16.wixsite.com/mysite/145b5660.min.css]
[nrjac16.wixsite.com/mysite/3e624017.min.css]
[nrjac16.wixsite.com/mysite/eb810a4a.min.css]
[nrjac16.wixsite.com/mysite/81ed76c3.min.css]
[nrjac16.wixsite.com/mysite/d1f9c7e6.min.css]
[nrjac16.wixsite.com/mysite/b9c1dae7.min.css]
[nrjac16.wixsite.com/mysite/0b3830c1.min.css]
[nrjac16.wixsite.com/mysite/b0da3a19.min.css]
[nrjac16.wixsite.com/mysite/70e8afa8.min.css]
[nrjac16.wixsite.com/mysite/9c39b1d1.min.css]
[nrjac16.wixsite.com/mysite/59f9faa0.min.css]
[nrjac16.wixsite.com/mysite/b92ba9ff.min.css]
[nrjac16.wixsite.com/mysite/d44df7bb.min.css]
[nrjac16.wixsite.com/mysite/41f245d4.min.css]
[nrjac16.wixsite.com/mysite/e24e08e7.min.css]
[nrjac16.wixsite.com/mysite/2366b4ac.min.css]
[nrjac16.wixsite.com/mysite/0357d64b.min.css]
[nrjac16.wixsite.com/mysite/13eb5276.min.css]
[nrjac16.wixsite.com/mysite/2978359e.min.css]
[nrjac16.wixsite.com/mysite/4b1f6567.min.css]
[nrjac16.wixsite.com/mysite/4e6fba8d.min.css]
[nrjac16.wixsite.com/mysite/883064bf.min.css]
[nrjac16.wixsite.com/mysite/55fd4990.min.css]
[nrjac16.wixsite.com/mysite/882dfccd.min.css]
[nrjac16.wixsite.com/mysite/70efe3c5.min.css]
[nrjac16.wixsite.com/mysite/6d011635.min.css]
[nrjac16.wixsite.com/mysite/af38aead.min.css]
[nrjac16.wixsite.com/mysite/39cfb47d.min.css]
[nrjac16.wixsite.com/mysite/1a1f2ab9.min.css]
[nrjac16.wixsite.com/mysite/5ed4e092.min.css]
[nrjac16.wixsite.com/mysite/75512b1a.min.css]
[nrjac16.wixsite.com/mysite/2a38244f.min.css]
[nrjac16.wixsite.com/mysite/837e8139.min.css]
[nrjac16.wixsite.com/mysite/f8ec65c6.min.css]
[nrjac16.wixsite.com/mysite/913e0517.min.css]
[nrjac16.wixsite.com/mysite/2ce475e3.min.css]
[nrjac16.wixsite.com/mysite/96f4b814.min.css]
[nrjac16.wixsite.com/mysite/efcd8729.min.cc.delayed]
[nrjac16.wixsite.com/mysite/0ebb4539.min.css]
[nrjac16.wixsite.com/mysite/c9371416.min.css]
[nrjac16.wixsite.com/mysite/84fca3f0.min.css]
[nrjac16.wixsite.com/mysite/44b60e9d.min.css]
[nrjac16.wixsite.com/mysite/48e483a5.min.css]
[nrjac16.wixsite.com/mysite/100a01ba.min.css]
[nrjac16.wixsite.com/mysite/dba31346.min.css]
[nrjac16.wixsite.com/mysite/5a61fee8.min.css]
[nrjac16.wixsite.com/mysite/6010b816.min.css]
[nrjac16.wixsite.com/mysite/99e9084d.min.css]
[nrjac16.wixsite.com/mysite/39cdb6e7.min.css]
[nrjac16.wixsite.com/mysite/98f5e34d.min.css]
[nrjac16.wixsite.com/mysite/4bd62377.min.css]
[nrjac16.wixsite.com/mysite/f6b4449f.min.css]
[nrjac16.wixsite.com/mysite/692d3cfd.min.css]
[nrjac16.wixsite.com/mysite/dda10bbb.min.css]
[nrjac16.wixsite.com/mysite/826aa068.min.css]
[nrjac16.wixsite.com/mysite/71561e01.min.css]
[nrjac16.wixsite.com/mysite/2aa93db9.min.css]
[nrjac16.wixsite.com/mysite/ac1f0c83.min.css]
[nrjac16.wixsite.com/mysite/3fc3aa14.min.css]
[nrjac16.wixsite.com/mysite/eed9660c.min.css]
[nrjac16.wixsite.com/mysite/e98ddd9c.min.css]
[nrjac16.wixsite.com/mysite/9f54505f.min.css]
[nrjac16.wixsite.com/mysite/82a3c6bd.min.css]
[nrjac16.wixsite.com/mysite/959e5e9e.min.css]
[nrjac16.wixsite.com/mysite/c6933345.min.css]
[nrjac16.wixsite.com/mysite/7ac66a81.min.css]
[nrjac16.wixsite.com/mysite/7f6e9aff.min.css]
[nrjac16.wixsite.com/mysite/7197ceeb.min.css]
[nrjac16.wixsite.com/mysite/4d761874.min.css]
[nrjac16.wixsite.com/mysite/57ee110f.min.css]
[nrjac16.wixsite.com/mysite/723e4fed.min.css]
[nrjac16.wixsite.com/mysite/7d0d5475.min.css]
[nrjac16.wixsite.com/mysite/d9e9ecf4.min.css]
[nrjac16.wixsite.com/mysite/4d71157d.min.css]
[nrjac16.wixsite.com/mysite/30611ad6.min.css]
[nrjac16.wixsite.com/mysite/3107aee2.min.css]
[nrjac16.wixsite.com/mysite/add763df.min.css]
[nrjac16.wixsite.com/mysite/20a005d9.min.css]
[nrjac16.wixsite.com/mysite/f12c724d.min.css]
[nrjac16.wixsite.com/mysite/ca46c51b.min.css]
[nrjac16.wixsite.com/mysite/b5184b06.min.css]
[nrjac16.wixsite.com/mysite/21ba39e0.min.css]
[nrjac16.wixsite.com/mysite/d0fdfa74.min.css]
[nrjac16.wixsite.com/mysite/e356d735.min.css]
[nrjac16.wixsite.com/mysite/1fef0d1f.min.css]
[nrjac16.wixsite.com/mysite/4e9ee1a3.min.css]
[nrjac16.wixsite.com/mysite/8845e14b.min.css]
[nrjac16.wixsite.com/mysite/a7d5ac4b.min.css]
[nrjac16.wixsite.com/mysite/015a530e.min.css]
[nrjac16.wixsite.com/mysite/b6e3e82f.min.css]
[nrjac16.wixsite.com/mysite/731d5bce.min.css]
[nrjac16.wixsite.com/mysite/c61ac2b6.min.css]
[nrjac16.wixsite.com/mysite/c9d89f77.min.css]
[nrjac16.wixsite.com/mysite/77753e29.min.css]
[nrjac16.wixsite.com/mysite/2a3ba4df.min.css]
[nrjac16.wixsite.com/mysite/1150efce.min.css]
[nrjac16.wixsite.com/mysite/dbfd66d7.min.css]
[nrjac16.wixsite.com/mysite/e1813de1.min.css]
[nrjac16.wixsite.com/mysite/34b72cf9.min.css]
[nrjac16.wixsite.com/mysite/5d684912.min.css]
[nrjac16.wixsite.com/mysite/07d43a5b.min.css]
[nrjac16.wixsite.com/mysite/d5f8d80c.min.css]
[nrjac16.wixsite.com/mysite/71b202df.min.css]
[nrjac16.wixsite.com/mysite/b1140d86.min.css]
[nrjac16.wixsite.com/mysite/cd620fee.min.css]
[nrjac16.wixsite.com/mysite/ed87aa35.min.css]
[nrjac16.wixsite.com/mysite/f0dc1b0d.min.css]
[nrjac16.wixsite.com/mysite/a5995c4f.min.css]
[nrjac16.wixsite.com/mysite/8df597f4.min.css]
[nrjac16.wixsite.com/mysite/28856597.min.css]
[nrjac16.wixsite.com/mysite/5d8342a8.min.css]
[nrjac16.wixsite.com/mysite/2ebba997.min.css]
[nrjac16.wixsite.com/mysite/752ed7c6.min.css]
[nrjac16.wixsite.com/mysite/ecd167d2.min.css]
[nrjac16.wixsite.com/mysite/c64b57c8.min.css]
[nrjac16.wixsite.com/mysite/27565bf7.min.css]
[nrjac16.wixsite.com/mysite/426f7bc5.min.css]
[nrjac16.wixsite.com/mysite/f605a452.min.css]
[nrjac16.wixsite.com/mysite/38f9ee39.min.css]
[nrjac16.wixsite.com/mysite/90ab4450.min.css]
[nrjac16.wixsite.com/mysite/da15e916.min.css]
[nrjac16.wixsite.com/mysite/8a50d1c3.min.css]
[nrjac16.wixsite.com/mysite/912c5006.min.css]
[nrjac16.wixsite.com/mysite/60bf524a.min.css]
[nrjac16.wixsite.com/mysite/8df90fe9.min.css]
[nrjac16.wixsite.com/mysite/a56d56fe.chunk.min.js]
[nrjac16.wixsite.com/mysite/cde50b7c.chunk.min.js]
[nrjac16.wixsite.com/mysite/6992da55.chunk.min.js]
[nrjac16.wixsite.com/mysite/87ebe76f.chunk.min.js]
[nrjac16.wixsite.com/mysite/rb_wixui.thunderbolt_bootstrap-classic.5b145dec.chunk.min.js]
[nrjac16.wixsite.com/mysite/rb_wixui.thunderbolt_common-site-members-dialogs.4dc7308f.chunk.min.css]
[nrjac16.wixsite.com/mysite/rb_wixui.thunderbolt_common-site-members-dialogs.87ebe76f.chunk.min.js]
[nrjac16.wixsite.com/mysite/rb_wixui.thunderbolt_bootstrap-responsive.a66c1914.chunk.min.css]
[nrjac16.wixsite.com/mysite/rb_wixui.thunderbolt_bootstrap-responsive.6992da55.chunk.min.js]
[nrjac16.wixsite.com/mysite/rb_wixui.thunderbolt_bootstrap.7fea2e48.chunk.min.css]
[nrjac16.wixsite.com/mysite/rb_wixui.thunderbolt_bootstrap.a56d56fe.chunk.min.js]
[nrjac16.wixsite.com/mysite/rb_wixui.corvid_core.9e09e672.chunk.min.js]
[nrjac16.wixsite.com/mysite/rb_wixui.thunderbolt_mobile.3ea9ad42.chunk.min.130.delayed]
[nrjac16.wixsite.com/mysite/decodeURIComponent(e]
[browser.sentry-cdn.com/5.21.4/bundle.min.js]
[nrjac16.wixsite.com/mysite/https_]
[nrjac16.wixsite.com/mysite/robots.txt]
[nrjac16.wixsite.com/mysite/sitemap.xml]
[nrjac16.wixsite.com/mysite/feed.xml]
[static.parastorage.com/services/wix-thunderbolt/dist/bootstrap-features.3bd40e37.bundle.min.js]
[static.parastorage.com/services/wix-thunderbolt/dist/main.05cb0bb1.bundle.min.js]
[static.parastorage.com/unpkg/lodash@4.17.21/lodash.min.js]
[static.parastorage.com/unpkg/react@16.13.1/umd/react.production.min.js]
[static.parastorage.com/services/tag-manager-client/1.427.0/siteTags.bundle.min.js]
[static.parastorage.com/services/wix-perf-measure/1.531.0/wix-perf-measure.bundle.min.js]
[static.parastorage.com/unpkg/react-dom@16.13.1/umd/react-dom.production.min.js]
[nrjac16.wixsite.com/mysite/version/index.html]
[static.parastorage.com/services/third-party/fonts/user-site-fonts/fonts/d1b1e866-a411-42ba-8f75-72bf28e23694.svg]
[static.parastorage.com/services/third-party/fonts/user-site-fonts/fonts/58ae9be9-5d95-44b6-8b6c-e6da6a46822c.svg]
[static.parastorage.com/services/third-party/fonts/user-site-fonts/fonts/9f774d17-c03a-418e-a375-34f3beecbc7a.svg]
[static.parastorage.com/services/third-party/fonts/user-site-fonts/fonts/b0268c31-e450-4159-bfea-e0d20e2b5c0c.svg]
[static.parastorage.com/services/third-party/fonts/user-site-fonts/fonts/20577853-40a7-4ada-a3fb-dd6e9392f401.svg]
[static.wixstatic.com/media/bc3ec7bc825c4e6ca746c659189cea83.jpg/v1/fill/w_56,h_32,al_c,q_80,usm_0.66_1.00_0.01,blur_2/bc3ec7bc825c4e6ca746c659189cea83.jpg]
[nrjac16.wixsite.com/index.html]
[nrjac16.wixsite.com/mysite/resume.html]
[nrjac16.wixsite.com/mysite/projects.html]
[static.wixstatic.com/media/e114e5_9671e5d6beea4abc96260020907bfed2_mv2.jpg/v1/crop/x_0,y_6,w_528,h_528/fill/w_82,h_82,al_c,q_80,usm_0.66_1.00_0.01,blur_2/Niraj_pp (1).jpg]
[nrjac16.wixsite.com/mysite/contact.html]
[nrjac16.wixsite.com/mysite.html]
[nrjac16.wixsite.com/mysite/decodeURIComponent(e.html]
[nrjac16.wixsite.com/mysite/https_.html]
[nrjac16.wixsite.com/index.html]
[nrjac16.wixsite.com/mysite/version/index.html]
[nrjac16.wixsite.com/mysite/resume.html]
[17f3a24e-6d57-4525-9d5a-916ad8a6385a.filesusr.com/ugd/a7b782_4d9fb1471a5a495eba9e0368b370e12c.pdf]
[static.wixstatic.com/media/11062b_6369a82539704f78b4fffed0ef058629_mv2_d_2346_1998_s_2.jpg/v1/crop/x_242,y_0,w_1590,h_1993/fill/w_129,h_161,al_c,q_80,usm_0.66_1.00_0.01,blur_2/Leaflet.jpg]
[static.wixstatic.com/media/84770f_30b5b37a554c487d85fffde598298a77_mv2.jpg/v1/crop/x_429,y_0,w_1514,h_1900/fill/w_129,h_162,al_c,q_80,usm_0.66_1.00_0.01,blur_2/Website_Mockup.jpg]
[static.wixstatic.com/media/9dbeebdedcd94c2489ccaca2b9fd1aa4.jpg/v1/crop/x_783,y_0,w_2172,h_2725/fill/w_129,h_162,al_c,q_80,usm_0.66_1.00_0.01,blur_2/App Screen.jpg]
[nrjac16.wixsite.com/mysite/projects.html]
[static.parastorage.com/services/wix-thunderbolt/dist/bootstrap-features.1788e83a.bundle.min.js]
[static.parastorage.com/services/wix-thunderbolt/dist/main.355d8f68.bundle.min.js]
[static.parastorage.com/services/third-party/fonts/user-site-fonts/fonts/d17bc040-9e8b-4397-8356-8153f4a64edf.svg]
[nrjac16.wixsite.com/mysite/contact.html]
[static.parastorage.com/services/third-party/fonts/user-site-fonts/fonts/66cac56e-d017-4544-9d0c-f7d978f0c5c2.svg]
[static.parastorage.com/services/third-party/fonts/user-site-fonts/fonts/9c58e9ea-fdea-4b9c-b0f9-0a2157389ed0.svg]
[nrjac16.wixsite.com/mysite/47b73115.min.html]
[static.parastorage.com/services/wix-thunderbolt/dist/bootstrap-features.3bd40e37.bundle.min.js]
[static.parastorage.com/services/wix-thunderbolt/dist/main.05cb0bb1.bundle.min.js]
[nrjac16.wixsite.com/mysite/1a3ca2ee.min.html]
[nrjac16.wixsite.com/mysite/16e44c05.min.html]
[nrjac16.wixsite.com/mysite/6ac53ab7.min.html]
[nrjac16.wixsite.com/mysite/02595569.min.html]
[nrjac16.wixsite.com/mysite/e5861f41.min.html]
[nrjac16.wixsite.com/mysite/c53e42d7.min.html]
[nrjac16.wixsite.com/mysite/da6c52cb.min.html]
[nrjac16.wixsite.com/mysite/3d2759f7.min.html]
[nrjac16.wixsite.com/mysite/960c3a88.min.html]
[nrjac16.wixsite.com/mysite/390543ac.min.html]
[nrjac16.wixsite.com/mysite/b5f0e973.min.html]
[nrjac16.wixsite.com/mysite/f36661fb.min.html]
[nrjac16.wixsite.com/mysite/aa613bd1.min.html]
[nrjac16.wixsite.com/mysite/395efea1.min.html]
[nrjac16.wixsite.com/mysite/6daaad8b.min.html]
[nrjac16.wixsite.com/mysite/bf91693c.min.html]
[nrjac16.wixsite.com/mysite/b4ae8803.min.html]
[nrjac16.wixsite.com/mysite/62ccedec.min.html]
[nrjac16.wixsite.com/mysite/ae08c227.min.html]
[nrjac16.wixsite.com/mysite/11f27093.min.html]
[nrjac16.wixsite.com/mysite/9b155e90.min.html]
[nrjac16.wixsite.com/mysite/4ec2545d.min.html]
[nrjac16.wixsite.com/mysite/1bbe301d.min.html]
[nrjac16.wixsite.com/mysite/e78a13b3.min.html]
[nrjac16.wixsite.com/mysite/b604fd33.min.html]
[nrjac16.wixsite.com/mysite/48c6d58d.min.html]
[nrjac16.wixsite.com/mysite/439c90c8.min.html]
[nrjac16.wixsite.com/mysite/cd69f57c.min.html]
[nrjac16.wixsite.com/mysite/bc223d50.min.html]
[nrjac16.wixsite.com/mysite/bc2466c0.min.html]
[nrjac16.wixsite.com/mysite/5d7b6bbf.min.html]
[nrjac16.wixsite.com/mysite/3fdab364.min.html]
[nrjac16.wixsite.com/mysite/20d93486.min.html]
[nrjac16.wixsite.com/mysite/9692b4a8.min.html]
[nrjac16.wixsite.com/mysite/914012ea.min.html]
[nrjac16.wixsite.com/mysite/ffa0eb8f.min.html]
[nrjac16.wixsite.com/mysite/fe8be6d6.min.html]
[nrjac16.wixsite.com/mysite/a28cca36.min.html]
[nrjac16.wixsite.com/mysite/02b07b80.min.html]
[nrjac16.wixsite.com/mysite/265e9a4a.min.html]
[nrjac16.wixsite.com/mysite/ff342417.min.html]
[nrjac16.wixsite.com/mysite/2a1582d7.min.html]
[nrjac16.wixsite.com/mysite/eb321d93.min.html]
[nrjac16.wixsite.com/mysite/06cfef68.min.html]
[nrjac16.wixsite.com/mysite/49a18e23.min.html]
[nrjac16.wixsite.com/mysite/2467b183.min.html]
[nrjac16.wixsite.com/mysite/f9fd7cbe.min.html]
[nrjac16.wixsite.com/mysite/e142d0f4.min.html]
[nrjac16.wixsite.com/mysite/96a73741.min.html]
[nrjac16.wixsite.com/mysite/4c758e80.min.html]
[nrjac16.wixsite.com/mysite/44b62fdc.min.html]
[nrjac16.wixsite.com/mysite/7f8c7c3e.min.html]
[nrjac16.wixsite.com/mysite/fbbc0ea4.min.html]
[nrjac16.wixsite.com/mysite/5d29307d.min.html]
[nrjac16.wixsite.com/mysite/85af43ab.min.html]
[nrjac16.wixsite.com/mysite/7010eb60.min.html]
[nrjac16.wixsite.com/mysite/566bec70.min.html]
[nrjac16.wixsite.com/mysite/fc40122e.min.html]
[nrjac16.wixsite.com/mysite/45242c23.min.html]
[nrjac16.wixsite.com/mysite/0efca64c.min.html]
[nrjac16.wixsite.com/mysite/42ccdc69.min.html]
[nrjac16.wixsite.com/mysite/4ea3b970.min.html]
[nrjac16.wixsite.com/mysite/0ee85551.min.html]
[nrjac16.wixsite.com/mysite/085f85ee.min.html]
[nrjac16.wixsite.com/mysite/fc21aae5.min.html]
[nrjac16.wixsite.com/mysite/641eb53d.min.html]
[nrjac16.wixsite.com/mysite/cabcae51.min.html]
[nrjac16.wixsite.com/mysite/b66c178d.min.html]
[nrjac16.wixsite.com/mysite/c7fdedca.min.html]
[nrjac16.wixsite.com/mysite/ce9dcea4.min.html]
[nrjac16.wixsite.com/mysite/bc497b45.min.html]
[nrjac16.wixsite.com/mysite/2acb415c.min.html]
[nrjac16.wixsite.com/mysite/7d6cd51b.min.html]
[nrjac16.wixsite.com/mysite/16e57088.min.html]
[nrjac16.wixsite.com/mysite/0a1c073a.min.html]
[nrjac16.wixsite.com/mysite/1ac8fc0f.min.html]
[nrjac16.wixsite.com/mysite/e5d84163.min.html]
[nrjac16.wixsite.com/mysite/d5f023bb.min.html]
[nrjac16.wixsite.com/mysite/d820de38.min.html]
[nrjac16.wixsite.com/mysite/012dc85e.min.html]
[nrjac16.wixsite.com/mysite/9d29a199.min.html]
[nrjac16.wixsite.com/mysite/381ee71b.min.html]
[nrjac16.wixsite.com/mysite/bf413556.min.html]
[nrjac16.wixsite.com/mysite/316080a6.min.html]
[nrjac16.wixsite.com/mysite/51a9742f.min.html]
[nrjac16.wixsite.com/mysite/bf732f1f.min.html]
[nrjac16.wixsite.com/mysite/99f4b3eb.min.html]
[nrjac16.wixsite.com/mysite/9862a339.min.html]
[nrjac16.wixsite.com/mysite/3bb1b608.min.html]
[nrjac16.wixsite.com/mysite/5346ce3f.min.html]
[nrjac16.wixsite.com/mysite/f658a9c4.min.html]
[nrjac16.wixsite.com/mysite/7c9ceb1e.min.html]
[nrjac16.wixsite.com/mysite/aa72298b.min.html]
[nrjac16.wixsite.com/mysite/6ea2cb1c.min.html]
[nrjac16.wixsite.com/mysite/a9c2732c.min.html]
[nrjac16.wixsite.com/mysite/93e61b80.min.html]
[nrjac16.wixsite.com/mysite/4bbd8d4f.min.html]
[nrjac16.wixsite.com/mysite/f4297adc.min.html]
[nrjac16.wixsite.com/mysite/f3af5621.min.html]
[nrjac16.wixsite.com/mysite/23167c06.min.html]
[nrjac16.wixsite.com/mysite/4c919285.min.html]
[nrjac16.wixsite.com/mysite/99e902d9.min.html]
[nrjac16.wixsite.com/mysite/7761d6fc.min.html]
[nrjac16.wixsite.com/mysite/164e68d9.min.html]
[nrjac16.wixsite.com/mysite/40e5d5cf.min.html]
[nrjac16.wixsite.com/mysite/6f55ec0e.min.html]
[nrjac16.wixsite.com/mysite/6b4c7217.min.html]
[nrjac16.wixsite.com/mysite/5b26625f.min.html]
[nrjac16.wixsite.com/mysite/2e327647.min.html]
[nrjac16.wixsite.com/mysite/4a6a7fc9.min.html]
[nrjac16.wixsite.com/mysite/f52e40aa.min.html]
[nrjac16.wixsite.com/mysite/29ef3ea9.min.html]
[nrjac16.wixsite.com/mysite/8a33f286.min.html]
[nrjac16.wixsite.com/mysite/a1e4335b.min.html]
[nrjac16.wixsite.com/mysite/6df35c38.min.html]
[nrjac16.wixsite.com/mysite/b8760986.min.html]
[nrjac16.wixsite.com/mysite/37bd0eeb.min.html]
[nrjac16.wixsite.com/mysite/8d04f72e.min.html]
[nrjac16.wixsite.com/mysite/40b64025.min.html]
[nrjac16.wixsite.com/mysite/23e436be.min.html]
[nrjac16.wixsite.com/mysite/41f1fa78.min.html]
[nrjac16.wixsite.com/mysite/3e581339.min.html]
[nrjac16.wixsite.com/mysite/a2f0f523.min.html]
[nrjac16.wixsite.com/mysite/f710d55f.min.html]
[nrjac16.wixsite.com/mysite/7c1692b1.min.html]
[nrjac16.wixsite.com/mysite/8005d5c1.min.html]
[nrjac16.wixsite.com/mysite/0e20a470.min.html]
[nrjac16.wixsite.com/mysite/c9b5bd15.min.html]
[nrjac16.wixsite.com/mysite/8c688a9d.min.html]
[nrjac16.wixsite.com/mysite/6b1e299b.min.html]
[nrjac16.wixsite.com/mysite/11d68990.min.html]
[nrjac16.wixsite.com/mysite/3f166307.min.html]
[nrjac16.wixsite.com/mysite/1355ec40.min.html]
[nrjac16.wixsite.com/mysite/48220e7a.min.html]
[nrjac16.wixsite.com/mysite/eca71e40.min.html]
[nrjac16.wixsite.com/mysite/024f5250.min.html]
[nrjac16.wixsite.com/mysite/54e8ad37.min.html]
[nrjac16.wixsite.com/mysite/c79634ce.min.html]
[nrjac16.wixsite.com/mysite/036d1c2c.min.html]
[nrjac16.wixsite.com/mysite/04c30725.min.html]
[nrjac16.wixsite.com/mysite/685dda1c.min.html]
[nrjac16.wixsite.com/mysite/70558d9b.min.html]
[nrjac16.wixsite.com/mysite/b43bc41a.min.html]
[nrjac16.wixsite.com/mysite/aff3efe3.min.html]
[nrjac16.wixsite.com/mysite/65ee0f77.min.html]
[nrjac16.wixsite.com/mysite/a10e4b9a.min.html]
[nrjac16.wixsite.com/mysite/6818c64c.min.html]
[nrjac16.wixsite.com/mysite/4fa4a352.min.html]
[nrjac16.wixsite.com/mysite/97d7cd97.min.html]
[nrjac16.wixsite.com/mysite/a1e76019.min.html]
[nrjac16.wixsite.com/mysite/b4bc6361.min.html]
[nrjac16.wixsite.com/mysite/9eed3e82.min.html]
[nrjac16.wixsite.com/mysite/ce776e38.min.html]
[nrjac16.wixsite.com/mysite/4a43b954.min.html]
[nrjac16.wixsite.com/mysite/799d016a.min.html]
[nrjac16.wixsite.com/mysite/c434348a.min.html]
[nrjac16.wixsite.com/mysite/4038e1e2.min.html]
[nrjac16.wixsite.com/mysite/c24f5e69.min.html]
[nrjac16.wixsite.com/mysite/8ab00128.min.html]
[nrjac16.wixsite.com/mysite/45eee88d.min.html]
[nrjac16.wixsite.com/mysite/7df86004.min.html]
[nrjac16.wixsite.com/mysite/145b5660.min.html]
[nrjac16.wixsite.com/mysite/3e624017.min.html]
[nrjac16.wixsite.com/mysite/eb810a4a.min.html]
[nrjac16.wixsite.com/mysite/81ed76c3.min.html]
[nrjac16.wixsite.com/mysite/d1f9c7e6.min.html]
[nrjac16.wixsite.com/mysite/b9c1dae7.min.html]
[nrjac16.wixsite.com/mysite/0b3830c1.min.html]
[nrjac16.wixsite.com/mysite/b0da3a19.min.html]
[nrjac16.wixsite.com/mysite/70e8afa8.min.html]
[nrjac16.wixsite.com/mysite/9c39b1d1.min.html]
[nrjac16.wixsite.com/mysite/59f9faa0.min.html]
[nrjac16.wixsite.com/mysite/b92ba9ff.min.html]
[nrjac16.wixsite.com/mysite/d44df7bb.min.html]
[nrjac16.wixsite.com/mysite/41f245d4.min.html]
[nrjac16.wixsite.com/mysite/e24e08e7.min.html]
[nrjac16.wixsite.com/mysite/2366b4ac.min.html]
[nrjac16.wixsite.com/mysite/0357d64b.min.html]
[nrjac16.wixsite.com/mysite/13eb5276.min.html]
[nrjac16.wixsite.com/mysite/2978359e.min.html]
[nrjac16.wixsite.com/mysite/4b1f6567.min.html]
[nrjac16.wixsite.com/mysite/4e6fba8d.min.html]
[nrjac16.wixsite.com/mysite/883064bf.min.html]
[nrjac16.wixsite.com/mysite/55fd4990.min.html]
[nrjac16.wixsite.com/mysite/882dfccd.min.html]
[nrjac16.wixsite.com/mysite/70efe3c5.min.html]
[nrjac16.wixsite.com/mysite/6d011635.min.html]
[nrjac16.wixsite.com/mysite/af38aead.min.html]
[nrjac16.wixsite.com/mysite/39cfb47d.min.html]
[nrjac16.wixsite.com/mysite/1a1f2ab9.min.html]
[nrjac16.wixsite.com/mysite/5ed4e092.min.html]
[nrjac16.wixsite.com/mysite/75512b1a.min.html]
[nrjac16.wixsite.com/mysite/2a38244f.min.html]
[nrjac16.wixsite.com/mysite/837e8139.min.html]
[nrjac16.wixsite.com/mysite/f8ec65c6.min.html]
[nrjac16.wixsite.com/mysite/913e0517.min.html]
[nrjac16.wixsite.com/mysite/2ce475e3.min.html]
[nrjac16.wixsite.com/mysite/96f4b814.min.html]
[nrjac16.wixsite.com/mysite/efcd8729.min.html]
[nrjac16.wixsite.com/mysite/0ebb4539.min.html]
[nrjac16.wixsite.com/mysite/c9371416.min.html]
[nrjac16.wixsite.com/mysite/84fca3f0.min.html]
[nrjac16.wixsite.com/mysite/44b60e9d.min.html]
[nrjac16.wixsite.com/mysite/48e483a5.min.html]
[nrjac16.wixsite.com/mysite/100a01ba.min.html]
[nrjac16.wixsite.com/mysite/dba31346.min.html]
[nrjac16.wixsite.com/mysite/5a61fee8.min.html]
[nrjac16.wixsite.com/mysite/6010b816.min.html]
[nrjac16.wixsite.com/mysite/99e9084d.min.html]
[nrjac16.wixsite.com/mysite/39cdb6e7.min.html]
[nrjac16.wixsite.com/mysite/98f5e34d.min.html]
[nrjac16.wixsite.com/mysite/4bd62377.min.html]
[nrjac16.wixsite.com/mysite/f6b4449f.min.html]
[nrjac16.wixsite.com/mysite/692d3cfd.min.html]
[nrjac16.wixsite.com/mysite/dda10bbb.min.html]
[nrjac16.wixsite.com/mysite/826aa068.min.html]
[nrjac16.wixsite.com/mysite/71561e01.min.html]
[nrjac16.wixsite.com/mysite/2aa93db9.min.html]
[nrjac16.wixsite.com/mysite/ac1f0c83.min.html]
[nrjac16.wixsite.com/mysite/3fc3aa14.min.html]
[nrjac16.wixsite.com/mysite/eed9660c.min.html]
[nrjac16.wixsite.com/mysite/e98ddd9c.min.html]
[nrjac16.wixsite.com/mysite/9f54505f.min.html]
[nrjac16.wixsite.com/mysite/82a3c6bd.min.html]
[nrjac16.wixsite.com/mysite/959e5e9e.min.html]
[nrjac16.wixsite.com/mysite/c6933345.min.html]
[nrjac16.wixsite.com/mysite/7ac66a81.min.html]
[nrjac16.wixsite.com/mysite/7f6e9aff.min.html]
[nrjac16.wixsite.com/mysite/7197ceeb.min.html]
[nrjac16.wixsite.com/mysite/4d761874.min.html]
[nrjac16.wixsite.com/mysite/57ee110f.min.html]
[nrjac16.wixsite.com/mysite/723e4fed.min.html]
[nrjac16.wixsite.com/mysite/7d0d5475.min.html]
[nrjac16.wixsite.com/mysite/d9e9ecf4.min.html]
[nrjac16.wixsite.com/mysite/4d71157d.min.html]
[nrjac16.wixsite.com/mysite/30611ad6.min.html]
[nrjac16.wixsite.com/mysite/3107aee2.min.html]
[nrjac16.wixsite.com/mysite/add763df.min.html]
[nrjac16.wixsite.com/mysite/20a005d9.min.html]
[nrjac16.wixsite.com/mysite/f12c724d.min.html]
[nrjac16.wixsite.com/mysite/ca46c51b.min.html]
[nrjac16.wixsite.com/mysite/b5184b06.min.html]
[nrjac16.wixsite.com/mysite/21ba39e0.min.html]
[nrjac16.wixsite.com/mysite/d0fdfa74.min.html]
[nrjac16.wixsite.com/mysite/e356d735.min.html]
[nrjac16.wixsite.com/mysite/1fef0d1f.min.html]
[nrjac16.wixsite.com/mysite/4e9ee1a3.min.html]
[nrjac16.wixsite.com/mysite/8845e14b.min.html]
[nrjac16.wixsite.com/mysite/a7d5ac4b.min.html]
[nrjac16.wixsite.com/mysite/015a530e.min.html]
[nrjac16.wixsite.com/mysite/b6e3e82f.min.html]
[nrjac16.wixsite.com/mysite/731d5bce.min.html]
[nrjac16.wixsite.com/mysite/c61ac2b6.min.html]
[nrjac16.wixsite.com/mysite/c9d89f77.min.html]
[nrjac16.wixsite.com/mysite/77753e29.min.html]
[nrjac16.wixsite.com/mysite/2a3ba4df.min.html]
[nrjac16.wixsite.com/mysite/1150efce.min.html]
[nrjac16.wixsite.com/mysite/dbfd66d7.min.html]
[nrjac16.wixsite.com/mysite/e1813de1.min.html]
[nrjac16.wixsite.com/mysite/34b72cf9.min.html]
[nrjac16.wixsite.com/mysite/5d684912.min.html]
[nrjac16.wixsite.com/mysite/07d43a5b.min.html]
[nrjac16.wixsite.com/mysite/d5f8d80c.min.html]
[nrjac16.wixsite.com/mysite/71b202df.min.html]
[nrjac16.wixsite.com/mysite/b1140d86.min.html]
[nrjac16.wixsite.com/mysite/cd620fee.min.html]
[nrjac16.wixsite.com/mysite/ed87aa35.min.html]
[nrjac16.wixsite.com/mysite/f0dc1b0d.min.html]
[nrjac16.wixsite.com/mysite/a5995c4f.min.html]
[nrjac16.wixsite.com/mysite/8df597f4.min.html]
[nrjac16.wixsite.com/mysite/28856597.min.html]
[nrjac16.wixsite.com/mysite/5d8342a8.min.html]
[nrjac16.wixsite.com/mysite/2ebba997.min.html]
[nrjac16.wixsite.com/mysite/752ed7c6.min.html]
[nrjac16.wixsite.com/mysite/ecd167d2.min.html]
[nrjac16.wixsite.com/mysite/c64b57c8.min.html]
[nrjac16.wixsite.com/mysite/27565bf7.min.html]
[nrjac16.wixsite.com/mysite/426f7bc5.min.html]
[nrjac16.wixsite.com/mysite/f605a452.min.html]
[nrjac16.wixsite.com/mysite/38f9ee39.min.html]
[nrjac16.wixsite.com/mysite/90ab4450.min.html]
[nrjac16.wixsite.com/mysite/da15e916.min.html]
[nrjac16.wixsite.com/mysite/8a50d1c3.min.html]
[nrjac16.wixsite.com/mysite/912c5006.min.html]
[nrjac16.wixsite.com/mysite/60bf524a.min.html]
[nrjac16.wixsite.com/mysite/8df90fe9.min.html]
[nrjac16.wixsite.com/mysite/a56d56fe.chunk.min.html]
[nrjac16.wixsite.com/mysite/cde50b7c.chunk.min.html]
[nrjac16.wixsite.com/mysite/6992da55.chunk.min.html]
[nrjac16.wixsite.com/mysite/87ebe76f.chunk.min.html]
[nrjac16.wixsite.com/mysite/rb_wixui.thunderbolt_bootstrap-classic.5b145dec.chunk.min.html]
[nrjac16.wixsite.com/mysite/rb_wixui.thunderbolt_common-site-members-dialogs.4dc7308f.chunk.min.html]
[nrjac16.wixsite.com/mysite/rb_wixui.thunderbolt_common-site-members-dialogs.87ebe76f.chunk.min.html]
[nrjac16.wixsite.com/mysite/rb_wixui.thunderbolt_bootstrap-responsive.a66c1914.chunk.min.html]
[nrjac16.wixsite.com/mysite/rb_wixui.thunderbolt_bootstrap-responsive.6992da55.chunk.min.html]
[nrjac16.wixsite.com/mysite/rb_wixui.thunderbolt_bootstrap.7fea2e48.chunk.min.html]
[nrjac16.wixsite.com/mysite/rb_wixui.thunderbolt_bootstrap.a56d56fe.chunk.min.html]
[nrjac16.wixsite.com/mysite/rb_wixui.corvid_core.9e09e672.chunk.min.html]
[nrjac16.wixsite.com/mysite/rb_wixui.thunderbolt_mobile.3ea9ad42.chunk.min.html]
[nrjac16.wixsite.com/mysite/https_.html]
[nrjac16.wixsite.com/mysite/robots.html]
[nrjac16.wixsite.com/mysite/feed.html]
[static.parastorage.com/services/third-party/fonts/user-site-fonts/fonts/d1b1e866-a411-42ba-8f75-72bf28e23694.svg]
[static.parastorage.com/services/third-party/fonts/user-site-fonts/fonts/9f774d17-c03a-418e-a375-34f3beecbc7a.svg]
[static.parastorage.com/services/third-party/fonts/user-site-fonts/fonts/58ae9be9-5d95-44b6-8b6c-e6da6a46822c.svg]
[static.parastorage.com/services/third-party/fonts/user-site-fonts/fonts/b0268c31-e450-4159-bfea-e0d20e2b5c0c.svg]
[static.parastorage.com/services/third-party/fonts/user-site-fonts/fonts/20577853-40a7-4ada-a3fb-dd6e9392f401.svg]
[nrjac16.wixsite.com/mysite/resume.html]
[static.parastorage.com/services/third-party/fonts/user-site-fonts/fonts/d17bc040-9e8b-4397-8356-8153f4a64edf.svg]
[static.parastorage.com/services/third-party/fonts/user-site-fonts/fonts/66cac56e-d017-4544-9d0c-f7d978f0c5c2.svg]
[static.parastorage.com/services/third-party/fonts/user-site-fonts/fonts/9c58e9ea-fdea-4b9c-b0f9-0a2157389ed0.svg]
